// Jest Snapshot v1, https://goo.gl/fbAQLP

exports[`FileTreeView Component matches the snapshot 1`] = `
<DocumentFragment>
  <ul
    class="p-2"
  >
    <li
      class="relative mb-2"
    >
      <div
        class="flex items-center justify-between p-2 rounded hover:bg-gray-200 cursor-pointer"
      >
        <div
          class="ml-6 mt-2"
        >
          <input
            class="border rounded p-2 w-full focus:outline-none focus:ring-2 focus:ring-blue-500"
            data-testid="rename-input-field"
            type="text"
            value="public"
          />
        </div>
      </div>
      <div
        class="ml-6 mt-2"
      >
        <input
          class="border rounded p-2 w-full focus:outline-none focus:ring-2 focus:ring-blue-500"
          data-testid="add-input-field"
          placeholder="Enter folder name"
          type="text"
          value=""
        />
      </div>
      <div
        class="absolute right-[-160px] top-0 bg-white border rounded shadow-md p-1 w-40 z-30 menu-container"
      >
        <button
          class="w-full px-2 py-1 text-left hover:bg-gray-200"
          data-testid="menu-item"
        >
          New Folder
        </button>
        <button
          class="w-full px-2 py-1 text-left hover:bg-gray-200"
          data-testid="menu-item"
        >
          New Text Document
        </button>
        <button
          class="w-full px-2 py-1 text-left hover:bg-gray-200"
          data-testid="menu-item"
        >
          New JSON Document
        </button>
        <button
          class="w-full px-2 py-1 text-left hover:bg-gray-200"
          data-testid="menu-item"
        >
          New Image
        </button>
      </div>
    </li>
    <li
      class="relative mb-2"
    >
      <div
        class="flex items-center justify-between p-2 rounded hover:bg-gray-200 cursor-pointer"
      >
        <span
          data-testid="folder-name-2"
        >
          📁 server
        </span>
      </div>
    </li>
    <li
      class="relative mb-2"
    >
      <div
        class="flex items-center justify-between p-2 rounded hover:bg-gray-200 cursor-pointer"
      >
        <span
          data-testid="folder-name-3"
        >
          📁 src
        </span>
      </div>
    </li>
  </ul>
</DocumentFragment>
`;
